// Jest Snapshot v1, https://goo.gl/fbAQLP

exports[`Launch Should render as expected 1`] = `
<LinearGradient
  colors={
    [
      "#FC9468",
      "#FFD1AD",
    ]
  }
  style={
    {
      "alignItems": "center",
      "flex": 1,
      "justifyContent": "center",
    }
  }
>
  <RCTSafeAreaView
    style={
      {
        "flexDirection": "column",
        "height": "100%",
        "justifyContent": "space-around",
        "width": "100%",
      }
    }
  >
    <View
      style={
        {
          "height": 80,
          "width": "100%",
        }
      }
    >
      <DigioPrimary />
    </View>
    <View
      style={
        {
          "alignItems": "center",
          "paddingHorizontal": 48,
          "width": "100%",
        }
      }
    >
      <View
        accessibilityState={
          {
            "busy": undefined,
            "checked": undefined,
            "disabled": undefined,
            "expanded": undefined,
            "selected": undefined,
          }
        }
        accessibilityValue={
          {
            "max": undefined,
            "min": undefined,
            "now": undefined,
            "text": undefined,
          }
        }
        accessible={true}
        collapsable={false}
        focusable={true}
        onClick={[Function]}
        onResponderGrant={[Function]}
        onResponderMove={[Function]}
        onResponderRelease={[Function]}
        onResponderTerminate={[Function]}
        onResponderTerminationRequest={[Function]}
        onStartShouldSetResponder={[Function]}
        style={
          {
            "opacity": 1,
          }
        }
      >
        <Text
          style={
            {
              "color": "#000",
              "fontFamily": "Archivo-Thin",
              "fontSize": 32,
              "textAlign": "center",
            }
          }
        >
          Login
        </Text>
      </View>
    </View>
  </RCTSafeAreaView>
</LinearGradient>
`;
