// Jest Snapshot v1, https://goo.gl/fbAQLP

exports[`Launch Should render as expected 1`] = `
<LinearGradient
  accessibilityState={
    {
      "busy": undefined,
      "checked": undefined,
      "disabled": undefined,
      "expanded": undefined,
      "selected": undefined,
    }
  }
  accessible={true}
  colors={
    [
      "#FC9468",
      "#FFD1AD",
      "#F5EDE0",
    ]
  }
  focusable={true}
  onClick={[Function]}
  onResponderGrant={[Function]}
  onResponderMove={[Function]}
  onResponderRelease={[Function]}
  onResponderTerminate={[Function]}
  onResponderTerminationRequest={[Function]}
  onStartShouldSetResponder={[Function]}
  style={
    {
      "flex": 1,
    }
  }
>
  <RCTSafeAreaView
    style={
      {
        "alignItems": "center",
        "flex": 1,
        "flexDirection": "column",
        "justifyContent": "space-between",
      }
    }
  >
    <View
      style={
        {
          "height": 80,
          "marginBottom": 32,
          "marginTop": 144,
          "width": "100%",
        }
      }
    >
      <DigioPrimary />
    </View>
    <View
      onLayout={[Function]}
      style={
        [
          {
            "alignItems": "center",
            "marginBottom": 144,
            "paddingHorizontal": 48,
            "width": "100%",
          },
          {
            "paddingBottom": 0,
          },
        ]
      }
    >
      <View>
        <View
          style={
            {
              "alignItems": "flex-start",
            }
          }
        >
          <TextInput
            autoCapitalize="none"
            autoCorrect={false}
            onChangeText={[Function]}
            placeholder="username"
            placeholderTextColor="#8A8A8A"
            secureTextEntry={false}
            style={
              {
                "borderColor": "#243746",
                "borderRadius": 20,
                "borderWidth": 2,
                "color": "#243746",
                "fontFamily": "Archivo-Thin",
                "fontSize": 20,
                "marginBottom": 16,
                "padding": 12,
                "width": 200,
              }
            }
            testID="loginInput"
            value=""
          />
        </View>
        <View
          style={
            {
              "alignItems": "flex-start",
            }
          }
        >
          <TextInput
            autoCapitalize="none"
            autoCorrect={false}
            onChangeText={[Function]}
            placeholder="password"
            placeholderTextColor="#8A8A8A"
            secureTextEntry={true}
            style={
              {
                "borderColor": "#243746",
                "borderRadius": 20,
                "borderWidth": 2,
                "color": "#243746",
                "fontFamily": "Archivo-Thin",
                "fontSize": 20,
                "marginBottom": 16,
                "padding": 12,
                "width": 200,
              }
            }
            testID="passwordInput"
            value=""
          />
        </View>
        <View
          accessibilityState={
            {
              "busy": undefined,
              "checked": undefined,
              "disabled": false,
              "expanded": undefined,
              "selected": undefined,
            }
          }
          accessibilityValue={
            {
              "max": undefined,
              "min": undefined,
              "now": undefined,
              "text": undefined,
            }
          }
          accessible={true}
          collapsable={false}
          focusable={true}
          onClick={[Function]}
          onResponderGrant={[Function]}
          onResponderMove={[Function]}
          onResponderRelease={[Function]}
          onResponderTerminate={[Function]}
          onResponderTerminationRequest={[Function]}
          onStartShouldSetResponder={[Function]}
          style={
            {
              "alignSelf": "center",
              "marginBottom": 16,
              "opacity": 1,
              "padding": 8,
            }
          }
        >
          <Text
            style={
              {
                "color": "#243746",
                "fontFamily": "Archivo-Thin",
                "fontSize": 32,
                "includeFontPadding": false,
                "textAlign": "center",
              }
            }
          >
            Login
          </Text>
        </View>
      </View>
      <View
        accessibilityState={
          {
            "busy": undefined,
            "checked": undefined,
            "disabled": undefined,
            "expanded": undefined,
            "selected": undefined,
          }
        }
        accessibilityValue={
          {
            "max": undefined,
            "min": undefined,
            "now": undefined,
            "text": undefined,
          }
        }
        accessible={true}
        collapsable={false}
        focusable={true}
        onClick={[Function]}
        onResponderGrant={[Function]}
        onResponderMove={[Function]}
        onResponderRelease={[Function]}
        onResponderTerminate={[Function]}
        onResponderTerminationRequest={[Function]}
        onStartShouldSetResponder={[Function]}
        style={
          {
            "alignSelf": "center",
            "marginBottom": 16,
            "opacity": 1,
            "padding": 8,
          }
        }
      >
        <Text
          style={
            {
              "color": "#243746",
              "fontFamily": "Archivo-Thin",
              "fontSize": 24,
              "includeFontPadding": false,
              "textAlign": "center",
            }
          }
        >
          Register
        </Text>
      </View>
    </View>
  </RCTSafeAreaView>
</LinearGradient>
`;
